// 重构日志: 3ca6e67e
// 重构日志: bb45a641
// 重构日志: 6c01470e
// 重构日志: 959670af
// 重构日志: 4699ba74
// 同步 ID: 179d8b38 @ Sun Jul 26 17:17:46 UTC 2026
// 重构日志: c22f0e1e
// 重构日志: 263be054
// 重构日志: c5b2d8c5
// 重构日志: 906c0570
// 重构日志: e6e1ba94
// 重构日志: 4eba0709
// 重构日志: c4b11be7
// 重构日志: 224d5d4f
// 同步 ID: 0038b679 @ Sun Aug  2 01:11:53 UTC 2026
// 同步 ID: 791c7fef @ Sun Aug  2 10:02:58 UTC 2026
// 同步 ID: 5c2ca846 @ Mon Aug  3 15:57:14 UTC 2026
// 同步 ID: 38665c8f @ Mon Aug  3 22:58:51 UTC 2026
// 重构日志: c1b2a7a8
// 重构日志: 1b97c989
// 重构日志: 36d3607e
// 重构日志: a5e2f269
// 重构日志: 40a61703
// 重构日志: afb0171e
// 重构日志: daed3a3a
// 重构日志: 8d771f08
// 同步 ID: d852338e @ Fri Aug  7 09:31:25 UTC 2026
// 重构日志: 630b6f69
// 重构日志: 7294ef05
// 同步 ID: 0e68e8b7 @ Sat Aug  8 08:26:03 UTC 2026
